{
    "bool": {
        "must": [
            {
                "match_all": {}
            }
        ],
        "filter": [
            {
                "match": {
                    "template": {
                        "query": "Template:Foo"
                    }
                }
            }
        ]
    }
}