{
    "bool": {
        "must": [
            {
                "bool": {
                    "should": [
                        {
                            "bool": {
                                "filter": [
                                    {
                                        "match_phrase": {
                                            "all.plain": {
                                                "query": "phrase search",
                                                "slop": 0
                                            }
                                        }
                                    }
                                ],
                                "should": [
                                    {
                                        "match": {
                                            "title.plain": {
                                                "query": "phrase search",
                                                "boost": 0.14999999999999999
                                            }
                                        }
                                    },
                                    {
                                        "match": {
                                            "category.plain": {
                                                "query": "phrase search",
                                                "boost": 0.17499999999999999
                                            }
                                        }
                                    },
                                    {
                                        "match": {
                                            "redirect.title.plain": {
                                                "query": "phrase search",
                                                "boost": 0.125
                                            }
                                        }
                                    },
                                    {
                                        "match": {
                                            "heading.plain": {
                                                "query": "phrase search",
                                                "boost": 1
                                            }
                                        }
                                    },
                                    {
                                        "match": {
                                            "auxiliary_text.plain": {
                                                "query": "phrase search",
                                                "boost": 0.074999999999999997
                                            }
                                        }
                                    },
                                    {
                                        "match": {
                                            "text.plain": {
                                                "query": "phrase search",
                                                "boost": 0.10000000000000001
                                            }
                                        }
                                    },
                                    {
                                        "match": {
                                            "file_text.plain": {
                                                "query": "phrase search",
                                                "boost": 0.050000000000000003
                                            }
                                        }
                                    },
                                    {
                                        "match": {
                                            "descriptions.de.plain": {
                                                "query": "phrase search",
                                                "boost": 2.5
                                            }
                                        }
                                    }
                                ]
                            }
                        },
                        {
                            "match_none": {}
                        }
                    ]
                }
            }
        ],
        "filter": [
            {
                "terms": {
                    "namespace": [
                        0
                    ]
                }
            }
        ]
    }
}